0.001798
0.004539
0.012726
0.030304
0.059939
0.103076
0.163648
0.234359
0.308230
0.376358
0.430672
0.469725
0.495141
0.515233
0.540151
0.576176
0.624611
0.683100
0.746384
0.804850
0.852236
0.889194
0.906161
0.905746
0.896860
0.882397
0.876439
0.881286
0.901181
0.932482
0.969374
1.008301
1.041427
1.066474
1.078895
1.074714
1.053065
1.010510
0.954689
0.898997
0.848268
0.813276
0.786586
0.762435
0.722633
0.665148
0.592320
0.513197
0.435536
0.370060
0.313437
0.263096
0.209766
0.150049
0.086215
0.019054
-0.046595
-0.105882
-0.157559
-0.205378
-0.247902
-0.290074
-0.335380
-0.390360
-0.451477
-0.524013
-0.603820
-0.685242
-0.763632
-0.831430
-0.886887
-0.928954
-0.955012
-0.968698
-0.967671
-0.959691
-0.949599
-0.944417
-0.949054
-0.965178
-0.994922
-1.028444
-1.059219
-1.082988
-1.087359
-1.074630
-1.045379
-0.999925
-0.942138
-0.872057
-0.803250
-0.737803
-0.683261
-0.639333
-0.604282
-0.571536
-0.533988
-0.487746
-0.431845
-0.364106
