0.010591
0.041401
0.084195
0.142612
0.227773
0.314145
0.374272
0.416893
0.448081
0.470999
0.496107
0.532607
0.587444
0.649088
0.703712
0.752113
0.803382
0.858335
0.903469
0.929893
0.922897
0.888516
0.870480
0.877711
0.901430
0.938446
0.963444
0.972843
0.987642
1.022838
1.068837
1.101753
1.109040
1.076791
1.008517
0.936195
0.886700
0.868608
0.865285
0.849263
0.809597
0.743282
0.650298
0.559681
0.500928
0.455484
0.398534
0.336818
0.277318
0.210918
0.138757
0.071602
0.013994
-0.045024
-0.111815
-0.170538
-0.213878
-0.248812
-0.285198
-0.332301
-0.391046
-0.456930
-0.526964
-0.606901
-0.692571
-0.764446
-0.827662
-0.888718
-0.936503
-0.972329
-0.992194
-0.991598
-0.976435
-0.960053
-0.957697
-0.966175
-0.985391
-1.016697
-1.048692
-1.070635
-1.084682
-1.091204
-1.075743
-1.050249
-1.026568
-0.976610
-0.892239
-0.803793
-0.742433
-0.705884
-0.672965
-0.635996
-0.590534
-0.536767
-0.478148
-0.417282
-0.358845
-0.297403
-0.226810
-0.158608
